2025-06-24 13:10:03,487 - __main__ - INFO - Módulos locais importados com sucesso
2025-06-24 13:10:03,490 - __main__ - INFO - Carregando arquivos de test_data/portugues...
2025-06-24 13:10:03,982 - __main__ - INFO - Carregados 30 arquivos com sucesso
2025-06-24 13:10:03,982 - __main__ - INFO - Carregados 30 arquivos com sucesso
2025-06-24 13:10:03,982 - __main__ - INFO - Iniciando cálculo NCD com zlib...
2025-06-24 13:10:03,987 - __main__ - INFO - Iniciando cálculo NCD com DAMICORE (gzip)...
2025-06-24 13:10:03,990 - __main__ - ERROR - Erro no cálculo zlib: All arrays must be of the same length
Traceback (most recent call last):
  File "C:\Users\55179\Desktop\Workspace_vscode\DAMICORE\comparar_implementacoes.py", line 84, in executar_zlib
    df = pd.DataFrame(dados)
         ^^^^^^^^^^^^^^^^^^^
  File "C:\Users\55179\Desktop\Workspace_vscode\DAMICORE\.venv\Lib\site-packages\pandas\core\frame.py", line 778, in __init__
    mgr = dict_to_mgr(data, index, columns, dtype=dtype, copy=copy, typ=manager)
          ^^^^^^^^^^^^^^^^^^^^^^^^^^^^^^^^^^^^^^^^^^^^^^^^^^^^^^^^^^^^^^^^^^^^^^
  File "C:\Users\55179\Desktop\Workspace_vscode\DAMICORE\.venv\Lib\site-packages\pandas\core\internals\construction.py", line 503, in dict_to_mgr
    return arrays_to_mgr(arrays, columns, index, dtype=dtype, typ=typ, consolidate=copy)
           ^^^^^^^^^^^^^^^^^^^^^^^^^^^^^^^^^^^^^^^^^^^^^^^^^^^^^^^^^^^^^^^^^^^^^^^^^^^^^
  File "C:\Users\55179\Desktop\Workspace_vscode\DAMICORE\.venv\Lib\site-packages\pandas\core\internals\construction.py", line 114, in arrays_to_mgr
    index = _extract_index(arrays)
            ^^^^^^^^^^^^^^^^^^^^^^
  File "C:\Users\55179\Desktop\Workspace_vscode\DAMICORE\.venv\Lib\site-packages\pandas\core\internals\construction.py", line 677, in _extract_index
    raise ValueError("All arrays must be of the same length")
ValueError: All arrays must be of the same length
2025-06-24 13:10:03,990 - damicore_ncd - INFO - Iniciando geração de matriz NCD com os parâmetros: input_dir=test_data/portugues, compressor=gzip, max_workers=4, cleanup=True
2025-06-24 13:10:04,039 - __main__ - ERROR - Erro no cálculo zlib: All arrays must be of the same length
Traceback (most recent call last):
  File "C:\Users\55179\Desktop\Workspace_vscode\DAMICORE\comparar_implementacoes.py", line 352, in main
    matriz_zlib, rotulos_zlib = future_zlib.result()
                                ^^^^^^^^^^^^^^^^^^^^
  File "C:\Program Files\WindowsApps\PythonSoftwareFoundation.Python.3.12_3.12.2800.0_x64__qbz5n2kfra8p0\Lib\concurrent\futures\_base.py", line 456, in result
    return self.__get_result()
           ^^^^^^^^^^^^^^^^^^^
  File "C:\Program Files\WindowsApps\PythonSoftwareFoundation.Python.3.12_3.12.2800.0_x64__qbz5n2kfra8p0\Lib\concurrent\futures\_base.py", line 401, in __get_result
    raise self._exception
  File "C:\Program Files\WindowsApps\PythonSoftwareFoundation.Python.3.12_3.12.2800.0_x64__qbz5n2kfra8p0\Lib\concurrent\futures\thread.py", line 59, in run
    result = self.fn(*self.args, **self.kwargs)
             ^^^^^^^^^^^^^^^^^^^^^^^^^^^^^^^^^^
  File "C:\Users\55179\Desktop\Workspace_vscode\DAMICORE\comparar_implementacoes.py", line 84, in executar_zlib
    df = pd.DataFrame(dados)
         ^^^^^^^^^^^^^^^^^^^
  File "C:\Users\55179\Desktop\Workspace_vscode\DAMICORE\.venv\Lib\site-packages\pandas\core\frame.py", line 778, in __init__
    mgr = dict_to_mgr(data, index, columns, dtype=dtype, copy=copy, typ=manager)
          ^^^^^^^^^^^^^^^^^^^^^^^^^^^^^^^^^^^^^^^^^^^^^^^^^^^^^^^^^^^^^^^^^^^^^^
  File "C:\Users\55179\Desktop\Workspace_vscode\DAMICORE\.venv\Lib\site-packages\pandas\core\internals\construction.py", line 503, in dict_to_mgr
    return arrays_to_mgr(arrays, columns, index, dtype=dtype, typ=typ, consolidate=copy)
           ^^^^^^^^^^^^^^^^^^^^^^^^^^^^^^^^^^^^^^^^^^^^^^^^^^^^^^^^^^^^^^^^^^^^^^^^^^^^^
  File "C:\Users\55179\Desktop\Workspace_vscode\DAMICORE\.venv\Lib\site-packages\pandas\core\internals\construction.py", line 114, in arrays_to_mgr
    index = _extract_index(arrays)
            ^^^^^^^^^^^^^^^^^^^^^^
  File "C:\Users\55179\Desktop\Workspace_vscode\DAMICORE\.venv\Lib\site-packages\pandas\core\internals\construction.py", line 677, in _extract_index
    raise ValueError("All arrays must be of the same length")
ValueError: All arrays must be of the same length
2025-06-24 13:10:04,039 - damicore_ncd - INFO - Encontrados 30 arquivos em test_data/portugues
2025-06-24 13:10:04,039 - damicore_ncd - INFO - Tamanho total dos arquivos: 0.17 MB
2025-06-24 13:10:04,039 - damicore_ncd - INFO - Iniciando processamento com compressor: gzip
2025-06-24 13:10:04,039 - damicore_ncd - INFO - Iniciando processamento do diretório: test_data/portugues
2025-06-24 13:10:04,049 - damicore_ncd - INFO - Total de 30 arquivos para processar
2025-06-24 13:10:04,049 - damicore_ncd - INFO - Encontrados 30 arquivos para processar
2025-06-24 13:10:04,072 - damicore_ncd - INFO - Iniciando execução do DAMICORE com compressor gzip
2025-06-24 13:10:12,276 - damicore_ncd - INFO - Execução do DAMICORE concluída em 8.20 segundos
2025-06-24 13:10:12,276 - damicore_ncd - WARNING - Avisos/erros do DAMICORE:
Performing NCD distance matrix calculation...
Compressing individual files...

[                    ]   0 %
[                    ]   0 %
[#                   ]   3 %
[#                   ]   7 %
[##                  ]  10 %
[###                 ]  13 %
[###                 ]  17 %
[####                ]  20 %
[#####               ]  23 %
[#####               ]  27 %
[######              ]  30 %
[#######             ]  33 %
[#######             ]  37 %
[########            ]  40 %
[#########           ]  43 %
[#########           ]  47 %
[##########          ]  50 %
[###########         ]  53 %
[###########         ]  57 %
[############        ]  60 %
[#############       ]  63 %
[#############       ]  67 %
[##############      ]  70 %
[###############     ]  73 %
[###############     ]  77 %
[################    ]  80 %
[#################   ]  83 %
[#################   ]  87 %
[##################  ]  90 %
[################### ]  93 %
[################### ]  97 %
Compressing file pairs...

[                    ]   0 %
[                    ]   0 %
[                    ]   0 %
[                    ]   0 %
[                    ]   1 %
[                    ]   1 %
[                    ]   1 %
[                    ]   1 %
[                    ]   2 %
[                    ]   2 %
[                    ]   2 %
[                    ]   2 %
[#                   ]   3 %
[#                   ]   3 %
[#                   ]   3 %
[#                   ]   3 %
[#                   ]   3 %
[#                   ]   4 %
[#                   ]   4 %
[#                   ]   4 %
[#                   ]   4 %
[#                   ]   5 %
[#                   ]   5 %
[#                   ]   5 %
[#                   ]   5 %
[#                   ]   6 %
[#                   ]   6 %
[#                   ]   6 %
[#                   ]   6 %
[#                   ]   6 %
[#                   ]   7 %
[#                   ]   7 %
[#                   ]   7 %
[#                   ]   7 %
[##                  ]   8 %
[##                  ]   8 %
[##                  ]   8 %
[##                  ]   8 %
[##                  ]   9 %
[##                  ]   9 %
[##                  ]   9 %
[##                  ]   9 %
[##                  ]   9 %
[##                  ]  10 %
[##                  ]  10 %
[##                  ]  10 %
[##                  ]  10 %
[##                  ]  11 %
[##                  ]  11 %
[##                  ]  11 %
[##                  ]  11 %
[##                  ]  11 %
[##                  ]  12 %
[##                  ]  12 %
[##                  ]  12 %
[##                  ]  12 %
[###                 ]  13 %
[###                 ]  13 %
[###                 ]  13 %
[###                 ]  13 %
[###                 ]  14 %
[###                 ]  14 %
[###                 ]  14 %
[###                 ]  14 %
[###                 ]  14 %
[###                 ]  15 %
[###                 ]  15 %
[###                 ]  15 %
[###                 ]  15 %
[###                 ]  16 %
[###                 ]  16 %
[###                 ]  16 %
[###                 ]  16 %
[###                 ]  17 %
[###                 ]  17 %
[###                 ]  17 %
[###                 ]  17 %
[###                 ]  17 %
[####                ]  18 %
[####                ]  18 %
[####                ]  18 %
[####                ]  18 %
[####                ]  19 %
[####                ]  19 %
[####                ]  19 %
[####                ]  19 %
[####                ]  20 %
[####                ]  20 %
[####                ]  20 %
[####                ]  20 %
[####                ]  20 %
[####                ]  21 %
[####                ]  21 %
[####                ]  21 %
[####                ]  21 %
[####                ]  22 %
[####                ]  22 %
[####                ]  22 %
[####                ]  22 %
[#####               ]  23 %
[#####               ]  23 %
[#####               ]  23 %
[#####               ]  23 %
[#####               ]  23 %
[#####               ]  24 %
[#####               ]  24 %
[#####               ]  24 %
[#####               ]  24 %
[#####               ]  25 %
[#####               ]  25 %
[#####               ]  25 %
[#####               ]  25 %
[#####               ]  26 %
[#####               ]  26 %
[#####               ]  26 %
[#####               ]  26 %
[#####               ]  26 %
[#####               ]  27 %
[#####               ]  27 %
[#####               ]  27 %
[#####               ]  27 %
[######              ]  28 %
[######              ]  28 %
[######              ]  28 %
[######              ]  28 %
[######              ]  29 %
[######              ]  29 %
[######              ]  29 %
[######              ]  29 %
[######              ]  29 %
[######              ]  30 %
[######              ]  30 %
[######              ]  30 %
[######              ]  30 %
[######              ]  31 %
[######              ]  31 %
[######              ]  31 %
[######              ]  31 %
[######              ]  31 %
[######              ]  32 %
[######              ]  32 %
[######              ]  32 %
[######              ]  32 %
[#######             ]  33 %
[#######             ]  33 %
[#######             ]  33 %
[#######             ]  33 %
[#######             ]  34 %
[#######             ]  34 %
[#######             ]  34 %
[#######             ]  34 %
[#######             ]  34 %
[#######             ]  35 %
[#######             ]  35 %
[#######             ]  35 %
[#######             ]  35 %
[#######             ]  36 %
[#######             ]  36 %
[#######             ]  36 %
[#######             ]  36 %
[#######             ]  37 %
[#######             ]  37 %
[#######             ]  37 %
[#######             ]  37 %
[#######             ]  37 %
[########            ]  38 %
[########            ]  38 %
[########            ]  38 %
[########            ]  38 %
[########            ]  39 %
[########            ]  39 %
[########            ]  39 %
[########            ]  39 %
[########            ]  40 %
[########            ]  40 %
[########            ]  40 %
[########            ]  40 %
[########            ]  40 %
[########            ]  41 %
[########            ]  41 %
[########            ]  41 %
[########            ]  41 %
[########            ]  42 %
[########            ]  42 %
[########            ]  42 %
[########            ]  42 %
[#########           ]  43 %
[#########           ]  43 %
[#########           ]  43 %
[#########           ]  43 %
[#########           ]  43 %
[#########           ]  44 %
[#########           ]  44 %
[#########           ]  44 %
[#########           ]  44 %
[#########           ]  45 %
[#########           ]  45 %
[#########           ]  45 %
[#########           ]  45 %
[#########           ]  46 %
[#########           ]  46 %
[#########           ]  46 %
[#########           ]  46 %
[#########           ]  46 %
[#########           ]  47 %
[#########           ]  47 %
[#########           ]  47 %
[#########           ]  47 %
[##########          ]  48 %
[##########          ]  48 %
[##########          ]  48 %
[##########          ]  48 %
[##########          ]  49 %
[##########          ]  49 %
[##########          ]  49 %
[##########          ]  49 %
[##########          ]  49 %
[##########          ]  50 %
[##########          ]  50 %
[##########          ]  50 %
[##########          ]  50 %
[##########          ]  51 %
[##########          ]  51 %
[##########          ]  51 %
[##########          ]  51 %
[##########          ]  51 %
[##########          ]  52 %
[##########          ]  52 %
[##########          ]  52 %
[##########          ]  52 %
[###########         ]  53 %
[###########         ]  53 %
[###########         ]  53 %
[###########         ]  53 %
[###########         ]  54 %
[###########         ]  54 %
[###########         ]  54 %
[###########         ]  54 %
[###########         ]  54 %
[###########         ]  55 %
[###########         ]  55 %
[###########         ]  55 %
[###########         ]  55 %
[###########         ]  56 %
[###########         ]  56 %
[###########         ]  56 %
[###########         ]  56 %
[###########         ]  57 %
[###########         ]  57 %
[###########         ]  57 %
[###########         ]  57 %
[###########         ]  57 %
[############        ]  58 %
[############        ]  58 %
[############        ]  58 %
[############        ]  58 %
[############        ]  59 %
[############        ]  59 %
[############        ]  59 %
[############        ]  59 %
[############        ]  60 %
[############        ]  60 %
[############        ]  60 %
[############        ]  60 %
[############        ]  60 %
[############        ]  61 %
[############        ]  61 %
[############        ]  61 %
[############        ]  61 %
[############        ]  62 %
[############        ]  62 %
[############        ]  62 %
[############        ]  62 %
[#############       ]  63 %
[#############       ]  63 %
[#############       ]  63 %
[#############       ]  63 %
[#############       ]  63 %
[#############       ]  64 %
[#############       ]  64 %
[#############       ]  64 %
[#############       ]  64 %
[#############       ]  65 %
[#############       ]  65 %
[#############       ]  65 %
[#############       ]  65 %
[#############       ]  66 %
[#############       ]  66 %
[#############       ]  66 %
[#############       ]  66 %
[#############       ]  66 %
[#############       ]  67 %
[#############       ]  67 %
[#############       ]  67 %
[#############       ]  67 %
[##############      ]  68 %
[##############      ]  68 %
[##############      ]  68 %
[##############      ]  68 %
[##############      ]  69 %
[##############      ]  69 %
[##############      ]  69 %
[##############      ]  69 %
[##############      ]  69 %
[##############      ]  70 %
[##############      ]  70 %
[##############      ]  70 %
[##############      ]  70 %
[##############      ]  71 %
[##############      ]  71 %
[##############      ]  71 %
[##############      ]  71 %
[##############      ]  71 %
[##############      ]  72 %
[##############      ]  72 %
[##############      ]  72 %
[##############      ]  72 %
[###############     ]  73 %
[###############     ]  73 %
[###############     ]  73 %
[###############     ]  73 %
[###############     ]  74 %
[###############     ]  74 %
[###############     ]  74 %
[###############     ]  74 %
[###############     ]  74 %
[###############     ]  75 %
[###############     ]  75 %
[###############     ]  75 %
[###############     ]  75 %
[###############     ]  76 %
[###############     ]  76 %
[###############     ]  76 %
[###############     ]  76 %
[###############     ]  77 %
[###############     ]  77 %
[###############     ]  77 %
[###############     ]  77 %
[###############     ]  77 %
[################    ]  78 %
[################    ]  78 %
[################    ]  78 %
[################    ]  78 %
[################    ]  79 %
[################    ]  79 %
[################    ]  79 %
[################    ]  79 %
[################    ]  80 %
[################    ]  80 %
[################    ]  80 %
[################    ]  80 %
[################    ]  80 %
[################    ]  81 %
[################    ]  81 %
[################    ]  81 %
[################    ]  81 %
[################    ]  82 %
[################    ]  82 %
[################    ]  82 %
[################    ]  82 %
[#################   ]  83 %
[#################   ]  83 %
[#################   ]  83 %
[#################   ]  83 %
[#################   ]  83 %
[#################   ]  84 %
[#################   ]  84 %
[#################   ]  84 %
[#################   ]  84 %
[#################   ]  85 %
[#################   ]  85 %
[#################   ]  85 %
[#################   ]  85 %
[#################   ]  86 %
[#################   ]  86 %
[#################   ]  86 %
[#################   ]  86 %
[#################   ]  86 %
[#################   ]  87 %
[#################   ]  87 %
[#################   ]  87 %
[#################   ]  87 %
[##################  ]  88 %
[##################  ]  88 %
[##################  ]  88 %
[##################  ]  88 %
[##################  ]  89 %
[##################  ]  89 %
[##################  ]  89 %
[##################  ]  89 %
[##################  ]  89 %
[##################  ]  90 %
[##################  ]  90 %
[##################  ]  90 %
[##################  ]  90 %
[##################  ]  91 %
[##################  ]  91 %
[##################  ]  91 %
[##################  ]  91 %
[##################  ]  91 %
[##################  ]  92 %
[##################  ]  92 %
[##################  ]  92 %
[##################  ]  92 %
[################### ]  93 %
[################### ]  93 %
[################### ]  93 %
[################### ]  93 %
[################### ]  94 %
[################### ]  94 %
[################### ]  94 %
[################### ]  94 %
[################### ]  94 %
[################### ]  95 %
[################### ]  95 %
[################### ]  95 %
[################### ]  95 %
[################### ]  96 %
[################### ]  96 %
[################### ]  96 %
[################### ]  96 %
[################### ]  97 %
[################### ]  97 %
[################### ]  97 %
[################### ]  97 %
[################### ]  97 %
[####################]  98 %
[####################]  98 %
[####################]  98 %
[####################]  98 %
[####################]  99 %
[####################]  99 %
[####################]  99 %
[####################]  99 %
[####################] 100 %
[####################] 100 %

Simplifying graph...

Clustering elements...
Traceback (most recent call last):
  File "C:\Users\55179\Desktop\Workspace_vscode\DAMICORE\damicore_py3\damicore.py", line 134, in <module>
    with open(a.output, 'wt') as f:
         ^^^^^^^^^^^^^^^^^^^^
OSError: [Errno 22] Invalid argument: 'C:\\Users\\55179\\AppData\\Local\\Temp\\damicore_output_j545pdh_\\ncd_matrix_C:\\Users\\55179\\AppData\\Local\\Temp\\tmpzq6tvw_2.csv'

2025-06-24 13:10:12,280 - damicore_ncd - ERROR - DAMICORE falhou com código de saída 1:
Performing NCD distance matrix calculation...
Compressing individual files...

[                    ]   0 %
[                    ]   0 %
[#                   ]   3 %
[#                   ]   7 %
[##                  ]  10 %
[###                 ]  13 %
[###                 ]  17 %
[####                ]  20 %
[#####               ]  23 %
[#####               ]  27 %
[######              ]  30 %
[#######             ]  33 %
[#######             ]  37 %
[########            ]  40 %
[#########           ]  43 %
[#########           ]  47 %
[##########          ]  50 %
[###########         ]  53 %
[###########         ]  57 %
[############        ]  60 %
[#############       ]  63 %
[#############       ]  67 %
[##############      ]  70 %
[###############     ]  73 %
[###############     ]  77 %
[################    ]  80 %
[#################   ]  83 %
[#################   ]  87 %
[##################  ]  90 %
[################### ]  93 %
[################### ]  97 %
Compressing file pairs...

[                    ]   0 %
[                    ]   0 %
[                    ]   0 %
[                    ]   0 %
[                    ]   1 %
[                    ]   1 %
[                    ]   1 %
[                    ]   1 %
[                    ]   2 %
[                    ]   2 %
[                    ]   2 %
[                    ]   2 %
[#                   ]   3 %
[#                   ]   3 %
[#                   ]   3 %
[#                   ]   3 %
[#                   ]   3 %
[#                   ]   4 %
[#                   ]   4 %
[#                   ]   4 %
[#                   ]   4 %
[#                   ]   5 %
[#                   ]   5 %
[#                   ]   5 %
[#                   ]   5 %
[#                   ]   6 %
[#                   ]   6 %
[#                   ]   6 %
[#                   ]   6 %
[#                   ]   6 %
[#                   ]   7 %
[#                   ]   7 %
[#                   ]   7 %
[#                   ]   7 %
[##                  ]   8 %
[##                  ]   8 %
[##                  ]   8 %
[##                  ]   8 %
[##                  ]   9 %
[##                  ]   9 %
[##                  ]   9 %
[##                  ]   9 %
[##                  ]   9 %
[##                  ]  10 %
[##                  ]  10 %
[##                  ]  10 %
[##                  ]  10 %
[##                  ]  11 %
[##                  ]  11 %
[##                  ]  11 %
[##                  ]  11 %
[##                  ]  11 %
[##                  ]  12 %
[##                  ]  12 %
[##                  ]  12 %
[##                  ]  12 %
[###                 ]  13 %
[###                 ]  13 %
[###                 ]  13 %
[###                 ]  13 %
[###                 ]  14 %
[###                 ]  14 %
[###                 ]  14 %
[###                 ]  14 %
[###                 ]  14 %
[###                 ]  15 %
[###                 ]  15 %
[###                 ]  15 %
[###                 ]  15 %
[###                 ]  16 %
[###                 ]  16 %
[###                 ]  16 %
[###                 ]  16 %
[###                 ]  17 %
[###                 ]  17 %
[###                 ]  17 %
[###                 ]  17 %
[###                 ]  17 %
[####                ]  18 %
[####                ]  18 %
[####                ]  18 %
[####                ]  18 %
[####                ]  19 %
[####                ]  19 %
[####                ]  19 %
[####                ]  19 %
[####                ]  20 %
[####                ]  20 %
[####                ]  20 %
[####                ]  20 %
[####                ]  20 %
[####                ]  21 %
[####                ]  21 %
[####                ]  21 %
[####                ]  21 %
[####                ]  22 %
[####                ]  22 %
[####                ]  22 %
[####                ]  22 %
[#####               ]  23 %
[#####               ]  23 %
[#####               ]  23 %
[#####               ]  23 %
[#####               ]  23 %
[#####               ]  24 %
[#####               ]  24 %
[#####               ]  24 %
[#####               ]  24 %
[#####               ]  25 %
[#####               ]  25 %
[#####               ]  25 %
[#####               ]  25 %
[#####               ]  26 %
[#####               ]  26 %
[#####               ]  26 %
[#####               ]  26 %
[#####               ]  26 %
[#####               ]  27 %
[#####               ]  27 %
[#####               ]  27 %
[#####               ]  27 %
[######              ]  28 %
[######              ]  28 %
[######              ]  28 %
[######              ]  28 %
[######              ]  29 %
[######              ]  29 %
[######              ]  29 %
[######              ]  29 %
[######              ]  29 %
[######              ]  30 %
[######              ]  30 %
[######              ]  30 %
[######              ]  30 %
[######              ]  31 %
[######              ]  31 %
[######              ]  31 %
[######              ]  31 %
[######              ]  31 %
[######              ]  32 %
[######              ]  32 %
[######              ]  32 %
[######              ]  32 %
[#######             ]  33 %
[#######             ]  33 %
[#######             ]  33 %
[#######             ]  33 %
[#######             ]  34 %
[#######             ]  34 %
[#######             ]  34 %
[#######             ]  34 %
[#######             ]  34 %
[#######             ]  35 %
[#######             ]  35 %
[#######             ]  35 %
[#######             ]  35 %
[#######             ]  36 %
[#######             ]  36 %
[#######             ]  36 %
[#######             ]  36 %
[#######             ]  37 %
[#######             ]  37 %
[#######             ]  37 %
[#######             ]  37 %
[#######             ]  37 %
[########            ]  38 %
[########            ]  38 %
[########            ]  38 %
[########            ]  38 %
[########            ]  39 %
[########            ]  39 %
[########            ]  39 %
[########            ]  39 %
[########            ]  40 %
[########            ]  40 %
[########            ]  40 %
[########            ]  40 %
[########            ]  40 %
[########            ]  41 %
[########            ]  41 %
[########            ]  41 %
[########            ]  41 %
[########            ]  42 %
[########            ]  42 %
[########            ]  42 %
[########            ]  42 %
[#########           ]  43 %
[#########           ]  43 %
[#########           ]  43 %
[#########           ]  43 %
[#########           ]  43 %
[#########           ]  44 %
[#########           ]  44 %
[#########           ]  44 %
[#########           ]  44 %
[#########           ]  45 %
[#########           ]  45 %
[#########           ]  45 %
[#########           ]  45 %
[#########           ]  46 %
[#########           ]  46 %
[#########           ]  46 %
[#########           ]  46 %
[#########           ]  46 %
[#########           ]  47 %
[#########           ]  47 %
[#########           ]  47 %
[#########           ]  47 %
[##########          ]  48 %
[##########          ]  48 %
[##########          ]  48 %
[##########          ]  48 %
[##########          ]  49 %
[##########          ]  49 %
[##########          ]  49 %
[##########          ]  49 %
[##########          ]  49 %
[##########          ]  50 %
[##########          ]  50 %
[##########          ]  50 %
[##########          ]  50 %
[##########          ]  51 %
[##########          ]  51 %
[##########          ]  51 %
[##########          ]  51 %
[##########          ]  51 %
[##########          ]  52 %
[##########          ]  52 %
[##########          ]  52 %
[##########          ]  52 %
[###########         ]  53 %
[###########         ]  53 %
[###########         ]  53 %
[###########         ]  53 %
[###########         ]  54 %
[###########         ]  54 %
[###########         ]  54 %
[###########         ]  54 %
[###########         ]  54 %
[###########         ]  55 %
[###########         ]  55 %
[###########         ]  55 %
[###########         ]  55 %
[###########         ]  56 %
[###########         ]  56 %
[###########         ]  56 %
[###########         ]  56 %
[###########         ]  57 %
[###########         ]  57 %
[###########         ]  57 %
[###########         ]  57 %
[###########         ]  57 %
[############        ]  58 %
[############        ]  58 %
[############        ]  58 %
[############        ]  58 %
[############        ]  59 %
[############        ]  59 %
[############        ]  59 %
[############        ]  59 %
[############        ]  60 %
[############        ]  60 %
[############        ]  60 %
[############        ]  60 %
[############        ]  60 %
[############        ]  61 %
[############        ]  61 %
[############        ]  61 %
[############        ]  61 %
[############        ]  62 %
[############        ]  62 %
[############        ]  62 %
[############        ]  62 %
[#############       ]  63 %
[#############       ]  63 %
[#############       ]  63 %
[#############       ]  63 %
[#############       ]  63 %
[#############       ]  64 %
[#############       ]  64 %
[#############       ]  64 %
[#############       ]  64 %
[#############       ]  65 %
[#############       ]  65 %
[#############       ]  65 %
[#############       ]  65 %
[#############       ]  66 %
[#############       ]  66 %
[#############       ]  66 %
[#############       ]  66 %
[#############       ]  66 %
[#############       ]  67 %
[#############       ]  67 %
[#############       ]  67 %
[#############       ]  67 %
[##############      ]  68 %
[##############      ]  68 %
[##############      ]  68 %
[##############      ]  68 %
[##############      ]  69 %
[##############      ]  69 %
[##############      ]  69 %
[##############      ]  69 %
[##############      ]  69 %
[##############      ]  70 %
[##############      ]  70 %
[##############      ]  70 %
[##############      ]  70 %
[##############      ]  71 %
[##############      ]  71 %
[##############      ]  71 %
[##############      ]  71 %
[##############      ]  71 %
[##############      ]  72 %
[##############      ]  72 %
[##############      ]  72 %
[##############      ]  72 %
[###############     ]  73 %
[###############     ]  73 %
[###############     ]  73 %
[###############     ]  73 %
[###############     ]  74 %
[###############     ]  74 %
[###############     ]  74 %
[###############     ]  74 %
[###############     ]  74 %
[###############     ]  75 %
[###############     ]  75 %
[###############     ]  75 %
[###############     ]  75 %
[###############     ]  76 %
[###############     ]  76 %
[###############     ]  76 %
[###############     ]  76 %
[###############     ]  77 %
[###############     ]  77 %
[###############     ]  77 %
[###############     ]  77 %
[###############     ]  77 %
[################    ]  78 %
[################    ]  78 %
[################    ]  78 %
[################    ]  78 %
[################    ]  79 %
[################    ]  79 %
[################    ]  79 %
[################    ]  79 %
[################    ]  80 %
[################    ]  80 %
[################    ]  80 %
[################    ]  80 %
[################    ]  80 %
[################    ]  81 %
[################    ]  81 %
[################    ]  81 %
[################    ]  81 %
[################    ]  82 %
[################    ]  82 %
[################    ]  82 %
[################    ]  82 %
[#################   ]  83 %
[#################   ]  83 %
[#################   ]  83 %
[#################   ]  83 %
[#################   ]  83 %
[#################   ]  84 %
[#################   ]  84 %
[#################   ]  84 %
[#################   ]  84 %
[#################   ]  85 %
[#################   ]  85 %
[#################   ]  85 %
[#################   ]  85 %
[#################   ]  86 %
[#################   ]  86 %
[#################   ]  86 %
[#################   ]  86 %
[#################   ]  86 %
[#################   ]  87 %
[#################   ]  87 %
[#################   ]  87 %
[#################   ]  87 %
[##################  ]  88 %
[##################  ]  88 %
[##################  ]  88 %
[##################  ]  88 %
[##################  ]  89 %
[##################  ]  89 %
[##################  ]  89 %
[##################  ]  89 %
[##################  ]  89 %
[##################  ]  90 %
[##################  ]  90 %
[##################  ]  90 %
[##################  ]  90 %
[##################  ]  91 %
[##################  ]  91 %
[##################  ]  91 %
[##################  ]  91 %
[##################  ]  91 %
[##################  ]  92 %
[##################  ]  92 %
[##################  ]  92 %
[##################  ]  92 %
[################### ]  93 %
[################### ]  93 %
[################### ]  93 %
[################### ]  93 %
[################### ]  94 %
[################### ]  94 %
[################### ]  94 %
[################### ]  94 %
[################### ]  94 %
[################### ]  95 %
[################### ]  95 %
[################### ]  95 %
[################### ]  95 %
[################### ]  96 %
[################### ]  96 %
[################### ]  96 %
[################### ]  96 %
[################### ]  97 %
[################### ]  97 %
[################### ]  97 %
[################### ]  97 %
[################### ]  97 %
[####################]  98 %
[####################]  98 %
[####################]  98 %
[####################]  98 %
[####################]  99 %
[####################]  99 %
[####################]  99 %
[####################]  99 %
[####################] 100 %
[####################] 100 %

Simplifying graph...

Clustering elements...
Traceback (most recent call last):
  File "C:\Users\55179\Desktop\Workspace_vscode\DAMICORE\damicore_py3\damicore.py", line 134, in <module>
    with open(a.output, 'wt') as f:
         ^^^^^^^^^^^^^^^^^^^^
OSError: [Errno 22] Invalid argument: 'C:\\Users\\55179\\AppData\\Local\\Temp\\damicore_output_j545pdh_\\ncd_matrix_C:\\Users\\55179\\AppData\\Local\\Temp\\tmpzq6tvw_2.csv'
2025-06-24 13:10:12,284 - damicore_ncd - ERROR - Erro durante a execução do DAMICORE: Falha ao executar o DAMICORE
Traceback (most recent call last):
  File "C:\Users\55179\Desktop\Workspace_vscode\DAMICORE\damicore_ncd.py", line 417, in process_directory
    raise RuntimeError("Falha ao executar o DAMICORE")
RuntimeError: Falha ao executar o DAMICORE
2025-06-24 13:10:12,294 - damicore_ncd - ERROR - Erro ao gerar matriz NCD: Falha ao executar o DAMICORE
Traceback (most recent call last):
  File "C:\Users\55179\Desktop\Workspace_vscode\DAMICORE\damicore_ncd.py", line 779, in generate_ncd_matrix
    results = process_directory(
              ^^^^^^^^^^^^^^^^^^
  File "C:\Users\55179\Desktop\Workspace_vscode\DAMICORE\damicore_ncd.py", line 417, in process_directory
    raise RuntimeError("Falha ao executar o DAMICORE")
RuntimeError: Falha ao executar o DAMICORE
2025-06-24 13:10:12,295 - __main__ - ERROR - Erro no cálculo DAMICORE: Erro ao gerar matriz NCD: Falha ao executar o DAMICORE
Traceback (most recent call last):
  File "C:\Users\55179\Desktop\Workspace_vscode\DAMICORE\damicore_ncd.py", line 779, in generate_ncd_matrix
    results = process_directory(
              ^^^^^^^^^^^^^^^^^^
  File "C:\Users\55179\Desktop\Workspace_vscode\DAMICORE\damicore_ncd.py", line 417, in process_directory
    raise RuntimeError("Falha ao executar o DAMICORE")
RuntimeError: Falha ao executar o DAMICORE

The above exception was the direct cause of the following exception:

Traceback (most recent call last):
  File "C:\Users\55179\Desktop\Workspace_vscode\DAMICORE\comparar_implementacoes.py", line 114, in executar_damicore
    matriz, rotulos = generate_ncd_matrix(
                      ^^^^^^^^^^^^^^^^^^^^
  File "C:\Users\55179\Desktop\Workspace_vscode\DAMICORE\damicore_ncd.py", line 845, in generate_ncd_matrix
    raise RuntimeError(error_msg) from e
RuntimeError: Erro ao gerar matriz NCD: Falha ao executar o DAMICORE
