2025-06-23 15:34:55,845 - __main__ - INFO - Módulos locais importados com sucesso
2025-06-23 15:34:55,878 - __main__ - INFO - Diretório temporário: C:\Users\55179\AppData\Local\Temp\damicore_test_p3e3e64e
2025-06-23 15:34:55,878 - __main__ - INFO - Iniciando geração da matriz NCD local...
2025-06-23 15:34:55,878 - __main__ - INFO - Usando implementação zlib...
2025-06-23 15:34:55,960 - __main__ - ERROR - Erro durante o teste: sequence item 0: expected str instance, int found
Traceback (most recent call last):
  File "C:\Users\55179\Desktop\Workspace_vscode\DAMICORE\test_comparacao_damicore.py", line 236, in executar_teste_comparacao
    (diretorio_saida / 'rotulos_local.txt').write_text('\n'.join(rotulos_local))
                                                       ^^^^^^^^^^^^^^^^^^^^^^^^
TypeError: sequence item 0: expected str instance, int found
2025-06-23 15:34:55,961 - __main__ - INFO - Diretório temporário removido: C:\Users\55179\AppData\Local\Temp\damicore_test_p3e3e64e
2025-06-23 15:37:10,192 - __main__ - INFO - Módulos locais importados com sucesso
2025-06-23 15:37:10,200 - __main__ - INFO - Diretório temporário: C:\Users\55179\AppData\Local\Temp\damicore_test_en_ie6x6
2025-06-23 15:37:10,200 - __main__ - INFO - Iniciando geração da matriz NCD local...
2025-06-23 15:37:10,200 - __main__ - INFO - Usando implementação zlib...
2025-06-23 15:37:10,229 - __main__ - INFO - Matriz local gerada: (1, 1)
2025-06-23 15:37:10,230 - __main__ - INFO - Nenhuma matriz de referência fornecida, apenas gerando a matriz local
2025-06-23 15:37:10,230 - __main__ - INFO - Diretório temporário removido: C:\Users\55179\AppData\Local\Temp\damicore_test_en_ie6x6
2025-06-23 15:38:24,410 - __main__ - INFO - Módulos locais importados com sucesso
2025-06-23 15:38:24,414 - __main__ - INFO - Diretório temporário: C:\Users\55179\AppData\Local\Temp\damicore_test_siez2x0e
2025-06-23 15:38:24,414 - __main__ - INFO - Iniciando geração da matriz NCD local...
2025-06-23 15:38:24,414 - __main__ - INFO - Usando implementação zlib...
2025-06-23 15:38:24,418 - __main__ - WARNING - Erro ao ler arquivo PORT-TXT-10.txt: Length of values (71) does not match length of index (21)
2025-06-23 15:38:24,418 - __main__ - WARNING - Erro ao ler arquivo PORT-TXT-11.txt: Length of values (25) does not match length of index (21)
2025-06-23 15:38:24,419 - __main__ - WARNING - Erro ao ler arquivo PORT-TXT-12.txt: Length of values (71) does not match length of index (21)
2025-06-23 15:38:24,420 - __main__ - WARNING - Erro ao ler arquivo PORT-TXT-14.txt: Length of values (28) does not match length of index (21)
2025-06-23 15:38:24,420 - __main__ - WARNING - Erro ao ler arquivo PORT-TXT-15.txt: Length of values (32) does not match length of index (21)
2025-06-23 15:38:24,420 - __main__ - WARNING - Erro ao ler arquivo PORT-TXT-16.txt: Length of values (37) does not match length of index (21)
2025-06-23 15:38:24,420 - __main__ - WARNING - Erro ao ler arquivo PORT-TXT-17.txt: Length of values (37) does not match length of index (21)
2025-06-23 15:38:24,420 - __main__ - WARNING - Erro ao ler arquivo PORT-TXT-18.txt: Length of values (30) does not match length of index (21)
2025-06-23 15:38:24,420 - __main__ - WARNING - Erro ao ler arquivo PORT-TXT-19.txt: Length of values (27) does not match length of index (21)
2025-06-23 15:38:24,421 - __main__ - WARNING - Erro ao ler arquivo PORT-TXT-20.txt: Length of values (41) does not match length of index (21)
2025-06-23 15:38:24,421 - __main__ - WARNING - Erro ao ler arquivo PORT-TXT-21.txt: Length of values (32) does not match length of index (21)
2025-06-23 15:38:24,421 - __main__ - WARNING - Erro ao ler arquivo PORT-TXT-22.txt: Length of values (36) does not match length of index (21)
2025-06-23 15:38:24,421 - __main__ - WARNING - Erro ao ler arquivo PORT-TXT-23.txt: Length of values (59) does not match length of index (21)
2025-06-23 15:38:24,422 - __main__ - WARNING - Erro ao ler arquivo PORT-TXT-24.txt: Length of values (43) does not match length of index (21)
2025-06-23 15:38:24,422 - __main__ - WARNING - Erro ao ler arquivo PORT-TXT-25.txt: Length of values (42) does not match length of index (21)
2025-06-23 15:38:24,422 - __main__ - WARNING - Erro ao ler arquivo PORT-TXT-26.txt: Length of values (36) does not match length of index (21)
2025-06-23 15:38:24,422 - __main__ - WARNING - Erro ao ler arquivo PORT-TXT-27.txt: Length of values (38) does not match length of index (21)
2025-06-23 15:38:24,422 - __main__ - WARNING - Erro ao ler arquivo PORT-TXT-28.txt: Length of values (27) does not match length of index (21)
2025-06-23 15:38:24,422 - __main__ - WARNING - Erro ao ler arquivo PORT-TXT-29.txt: Length of values (34) does not match length of index (21)
2025-06-23 15:38:24,423 - __main__ - WARNING - Erro ao ler arquivo PORT-TXT-3.txt: Length of values (45) does not match length of index (21)
2025-06-23 15:38:24,423 - __main__ - WARNING - Erro ao ler arquivo PORT-TXT-30.txt: Length of values (40) does not match length of index (21)
2025-06-23 15:38:24,423 - __main__ - WARNING - Erro ao ler arquivo PORT-TXT-4.txt: Length of values (38) does not match length of index (21)
2025-06-23 15:38:24,423 - __main__ - WARNING - Erro ao ler arquivo PORT-TXT-5.txt: Length of values (23) does not match length of index (21)
2025-06-23 15:38:24,423 - __main__ - WARNING - Erro ao ler arquivo PORT-TXT-6.txt: Length of values (48) does not match length of index (21)
2025-06-23 15:38:24,423 - __main__ - WARNING - Erro ao ler arquivo PORT-TXT-7.txt: Length of values (27) does not match length of index (21)
2025-06-23 15:38:24,424 - __main__ - WARNING - Erro ao ler arquivo PORT-TXT-8.txt: Length of values (34) does not match length of index (21)
2025-06-23 15:38:24,424 - __main__ - WARNING - Erro ao ler arquivo PORT-TXT-9.txt: Length of values (88) does not match length of index (21)
2025-06-23 15:38:24,440 - __main__ - INFO - Matriz local gerada: (21, 21)
2025-06-23 15:38:24,440 - __main__ - INFO - Nenhuma matriz de referência fornecida, apenas gerando a matriz local
2025-06-23 15:38:24,440 - __main__ - INFO - Diretório temporário removido: C:\Users\55179\AppData\Local\Temp\damicore_test_siez2x0e
2025-06-23 17:38:47,114 - __main__ - INFO - Módulos locais importados com sucesso
2025-06-23 17:38:47,125 - __main__ - INFO - Diretório temporário: C:\Users\55179\AppData\Local\Temp\damicore_test_brefr2oy
2025-06-23 17:38:47,125 - __main__ - INFO - Iniciando geração da matriz NCD local...
2025-06-23 17:38:47,125 - __main__ - INFO - Usando implementação zlib...
2025-06-23 17:38:47,133 - __main__ - WARNING - Erro ao ler arquivo PORT-TXT-10.txt: Length of values (71) does not match length of index (21)
2025-06-23 17:38:47,133 - __main__ - WARNING - Erro ao ler arquivo PORT-TXT-11.txt: Length of values (25) does not match length of index (21)
2025-06-23 17:38:47,133 - __main__ - WARNING - Erro ao ler arquivo PORT-TXT-12.txt: Length of values (71) does not match length of index (21)
2025-06-23 17:38:47,135 - __main__ - WARNING - Erro ao ler arquivo PORT-TXT-14.txt: Length of values (28) does not match length of index (21)
2025-06-23 17:38:47,135 - __main__ - WARNING - Erro ao ler arquivo PORT-TXT-15.txt: Length of values (32) does not match length of index (21)
2025-06-23 17:38:47,135 - __main__ - WARNING - Erro ao ler arquivo PORT-TXT-16.txt: Length of values (37) does not match length of index (21)
2025-06-23 17:38:47,136 - __main__ - WARNING - Erro ao ler arquivo PORT-TXT-17.txt: Length of values (37) does not match length of index (21)
2025-06-23 17:38:47,136 - __main__ - WARNING - Erro ao ler arquivo PORT-TXT-18.txt: Length of values (30) does not match length of index (21)
2025-06-23 17:38:47,136 - __main__ - WARNING - Erro ao ler arquivo PORT-TXT-19.txt: Length of values (27) does not match length of index (21)
2025-06-23 17:38:47,137 - __main__ - WARNING - Erro ao ler arquivo PORT-TXT-20.txt: Length of values (41) does not match length of index (21)
2025-06-23 17:38:47,137 - __main__ - WARNING - Erro ao ler arquivo PORT-TXT-21.txt: Length of values (32) does not match length of index (21)
2025-06-23 17:38:47,138 - __main__ - WARNING - Erro ao ler arquivo PORT-TXT-22.txt: Length of values (36) does not match length of index (21)
2025-06-23 17:38:47,138 - __main__ - WARNING - Erro ao ler arquivo PORT-TXT-23.txt: Length of values (59) does not match length of index (21)
2025-06-23 17:38:47,139 - __main__ - WARNING - Erro ao ler arquivo PORT-TXT-24.txt: Length of values (43) does not match length of index (21)
2025-06-23 17:38:47,139 - __main__ - WARNING - Erro ao ler arquivo PORT-TXT-25.txt: Length of values (42) does not match length of index (21)
2025-06-23 17:38:47,139 - __main__ - WARNING - Erro ao ler arquivo PORT-TXT-26.txt: Length of values (36) does not match length of index (21)
2025-06-23 17:38:47,139 - __main__ - WARNING - Erro ao ler arquivo PORT-TXT-27.txt: Length of values (38) does not match length of index (21)
2025-06-23 17:38:47,140 - __main__ - WARNING - Erro ao ler arquivo PORT-TXT-28.txt: Length of values (27) does not match length of index (21)
2025-06-23 17:38:47,141 - __main__ - WARNING - Erro ao ler arquivo PORT-TXT-29.txt: Length of values (34) does not match length of index (21)
2025-06-23 17:38:47,141 - __main__ - WARNING - Erro ao ler arquivo PORT-TXT-3.txt: Length of values (45) does not match length of index (21)
2025-06-23 17:38:47,141 - __main__ - WARNING - Erro ao ler arquivo PORT-TXT-30.txt: Length of values (40) does not match length of index (21)
2025-06-23 17:38:47,142 - __main__ - WARNING - Erro ao ler arquivo PORT-TXT-4.txt: Length of values (38) does not match length of index (21)
2025-06-23 17:38:47,142 - __main__ - WARNING - Erro ao ler arquivo PORT-TXT-5.txt: Length of values (23) does not match length of index (21)
2025-06-23 17:38:47,142 - __main__ - WARNING - Erro ao ler arquivo PORT-TXT-6.txt: Length of values (48) does not match length of index (21)
2025-06-23 17:38:47,143 - __main__ - WARNING - Erro ao ler arquivo PORT-TXT-7.txt: Length of values (27) does not match length of index (21)
2025-06-23 17:38:47,143 - __main__ - WARNING - Erro ao ler arquivo PORT-TXT-8.txt: Length of values (34) does not match length of index (21)
2025-06-23 17:38:47,143 - __main__ - WARNING - Erro ao ler arquivo PORT-TXT-9.txt: Length of values (88) does not match length of index (21)
2025-06-23 17:38:47,154 - __main__ - INFO - Matriz local gerada: (21, 21)
2025-06-23 17:38:47,155 - __main__ - INFO - Carregando matriz de referencia: test_data/referencia/matriz_referencia.txt
2025-06-23 17:38:47,158 - __main__ - INFO - Matriz de referencia carregada: (29, 0) com 29 rotulos
2025-06-23 17:38:47,160 - __main__ - INFO - Comparando matrizes...
2025-06-23 17:38:47,160 - __main__ - INFO - 
                === Relatorio de Comparacao ===
                
                Configuracao:
                - Implementacao: zlib
                - Diretorio de dados: test_data/portugues
                - Matriz de referencia: test_data/referencia/matriz_referencia.txt
                
                Resultados:
                - Dimensoes iguais: False
                - Rotulos compativeis: False
                - Correlacao: None
                - Diferenca media: None
                - Diferenca maxima: None
                - Erro: Dimensoes diferentes: local=(21, 21), ref=(29, 0)
                
2025-06-23 17:38:47,160 - __main__ - INFO - Diretório temporário removido: C:\Users\55179\AppData\Local\Temp\damicore_test_brefr2oy
2025-06-24 15:59:11,273 - __main__ - INFO - Módulos locais importados com sucesso
2025-06-24 15:59:11,704 - DAMICORE.test_comparacao_damicore - INFO - Módulos locais importados com sucesso
2025-06-24 15:59:11,793 - DAMICORE.test_comparacao_damicore - INFO - Tentando carregar matriz de referência de: C:\Users\55179\Desktop\Workspace_vscode\DAMICORE\test_data\referencia\matriz_referencia.txt
2025-06-24 15:59:11,797 - DAMICORE.test_comparacao_damicore - INFO - Matriz de referência carregada (texto): (30, 30)
2025-06-24 15:59:11,797 - DAMICORE.test_comparacao_damicore - INFO - Carregando rótulos de referência de: C:\Users\55179\Desktop\Workspace_vscode\DAMICORE\test_data\referencia\rotulos_referencia.txt
2025-06-24 15:59:11,799 - DAMICORE.test_comparacao_damicore - INFO - Lendo rótulos de: C:\Users\55179\Desktop\Workspace_vscode\DAMICORE\test_data\referencia\rotulos_referencia.txt
2025-06-24 15:59:11,799 - DAMICORE.test_comparacao_damicore - WARNING - Arquivo de rótulos parece conter dados numéricos. Verifique se o caminho está correto.
2025-06-24 15:59:11,799 - DAMICORE.test_comparacao_damicore - WARNING - Usando rótulos numéricos: 30 rótulos gerados
2025-06-24 15:59:11,799 - DAMICORE.test_comparacao_damicore - INFO - Matriz de referência carregada com sucesso. Dimensões: (30, 30), Rótulos: 30
2025-06-24 15:59:11,799 - DAMICORE.test_comparacao_damicore - INFO - Teste de carregamento da matriz de referência concluído com sucesso!
2025-06-24 15:59:11,799 - DAMICORE.test_comparacao_damicore - INFO - Teste de comparação de matrizes concluído com sucesso!
2025-06-24 16:00:49,273 - __main__ - INFO - Módulos locais importados com sucesso
2025-06-24 16:00:49,709 - DAMICORE.test_comparacao_damicore - INFO - Módulos locais importados com sucesso
2025-06-24 16:00:49,718 - DAMICORE.test_comparacao_damicore - INFO - Tentando carregar matriz de referência de: C:\Users\55179\Desktop\Workspace_vscode\DAMICORE\test_data\referencia\matriz_referencia.txt
2025-06-24 16:00:49,718 - DAMICORE.test_comparacao_damicore - INFO - Matriz de referência carregada (texto): (30, 30)
2025-06-24 16:00:49,718 - DAMICORE.test_comparacao_damicore - INFO - Carregando rótulos de referência de: C:\Users\55179\Desktop\Workspace_vscode\DAMICORE\test_data\referencia\rotulos_referencia.txt
2025-06-24 16:00:49,718 - DAMICORE.test_comparacao_damicore - INFO - Lendo rótulos de: C:\Users\55179\Desktop\Workspace_vscode\DAMICORE\test_data\referencia\rotulos_referencia.txt
2025-06-24 16:00:49,718 - DAMICORE.test_comparacao_damicore - ERROR - Erro ao carregar rótulos de referência: 'bool' object is not iterable
Traceback (most recent call last):
  File "C:\Users\55179\Desktop\Workspace_vscode\DAMICORE\test_comparacao_damicore.py", line 67, in carregar_rotulos_referencia
    if rotulos and all(
                   ^^^^
TypeError: 'bool' object is not iterable
2025-06-24 16:00:49,721 - DAMICORE.test_comparacao_damicore - WARNING - Usando rótulos numéricos: 30 rótulos gerados
2025-06-24 16:00:49,721 - DAMICORE.test_comparacao_damicore - INFO - Matriz de referência carregada com sucesso. Dimensões: (30, 30), Rótulos: 30
2025-06-24 16:00:49,721 - DAMICORE.test_comparacao_damicore - INFO - Teste de carregamento da matriz de referência concluído com sucesso!
2025-06-24 16:00:49,723 - DAMICORE.test_comparacao_damicore - INFO - Teste de comparação de matrizes concluído com sucesso!
2025-06-24 16:14:53,131 - __main__ - INFO - Módulos locais importados com sucesso
2025-06-24 16:14:53,621 - DAMICORE.test_comparacao_damicore - INFO - Módulos locais importados com sucesso
2025-06-24 16:14:53,632 - DAMICORE.test_comparacao_damicore - INFO - Tentando carregar matriz de referência de: C:\Users\55179\Desktop\Workspace_vscode\DAMICORE\test_data\referencia\matriz_referencia.txt
2025-06-24 16:14:53,634 - DAMICORE.test_comparacao_damicore - INFO - Matriz de referência carregada (texto): (30, 30)
2025-06-24 16:14:53,634 - DAMICORE.test_comparacao_damicore - INFO - Carregando rótulos de referência de: C:\Users\55179\Desktop\Workspace_vscode\DAMICORE\test_data\referencia\rotulos_referencia.txt
2025-06-24 16:14:53,634 - DAMICORE.test_comparacao_damicore - INFO - Lendo rótulos de: C:\Users\55179\Desktop\Workspace_vscode\DAMICORE\test_data\referencia\rotulos_referencia.txt
2025-06-24 16:14:53,634 - DAMICORE.test_comparacao_damicore - INFO - Carregados 30 rótulos de referência
2025-06-24 16:14:53,634 - DAMICORE.test_comparacao_damicore - INFO - Matriz de referência carregada com sucesso. Dimensões: (30, 30), Rótulos: 30
2025-06-24 16:14:53,634 - DAMICORE.test_comparacao_damicore - INFO - Teste de carregamento da matriz de referência concluído com sucesso!
2025-06-24 16:14:53,638 - DAMICORE.test_comparacao_damicore - INFO - Teste de comparação de matrizes concluído com sucesso!
2025-06-24 16:18:29,747 - __main__ - INFO - Módulos locais importados com sucesso
2025-06-24 16:18:30,173 - DAMICORE.test_comparacao_damicore - INFO - Módulos locais importados com sucesso
2025-06-24 16:18:30,181 - DAMICORE.test_comparacao_damicore - INFO - Tentando carregar matriz de referência de: C:\Users\55179\Desktop\Workspace_vscode\DAMICORE\test_data\referencia\matriz_referencia.txt
2025-06-24 16:18:30,184 - DAMICORE.test_comparacao_damicore - INFO - Matriz de referência carregada (texto): (30, 30)
2025-06-24 16:18:30,184 - DAMICORE.test_comparacao_damicore - INFO - Carregando rótulos de referência de: C:\Users\55179\Desktop\Workspace_vscode\DAMICORE\test_data\referencia\rotulos_referencia.txt
2025-06-24 16:18:30,186 - DAMICORE.test_comparacao_damicore - INFO - Lendo rótulos de: C:\Users\55179\Desktop\Workspace_vscode\DAMICORE\test_data\referencia\rotulos_referencia.txt
2025-06-24 16:18:30,186 - DAMICORE.test_comparacao_damicore - INFO - Carregados 30 rótulos de referência
2025-06-24 16:18:30,186 - DAMICORE.test_comparacao_damicore - INFO - Matriz de referência carregada com sucesso. Dimensões: (30, 30), Rótulos: 30
2025-06-24 16:18:30,188 - DAMICORE.test_comparacao_damicore - INFO - Teste de carregamento da matriz de referência concluído com sucesso!
2025-06-24 16:18:30,188 - DAMICORE.test_comparacao_damicore - INFO - Teste de comparação de matrizes concluído com sucesso!
2025-06-24 20:27:25,465 - __main__ - INFO - Módulos locais importados com sucesso
2025-06-24 20:27:25,485 - __main__ - INFO - Diretório temporário: C:\Users\55179\AppData\Local\Temp\damicore_test_errwe9qh
2025-06-24 20:27:25,485 - __main__ - INFO - Iniciando geração da matriz NCD local...
2025-06-24 20:27:25,485 - __main__ - INFO - Usando implementação zlib...
2025-06-24 20:27:25,500 - __main__ - WARNING - Erro ao ler arquivo PORT-TXT-10.txt: Length of values (71) does not match length of index (21)
2025-06-24 20:27:25,500 - __main__ - WARNING - Erro ao ler arquivo PORT-TXT-11.txt: Length of values (25) does not match length of index (21)
2025-06-24 20:27:25,501 - __main__ - WARNING - Erro ao ler arquivo PORT-TXT-12.txt: Length of values (71) does not match length of index (21)
2025-06-24 20:27:25,502 - __main__ - WARNING - Erro ao ler arquivo PORT-TXT-14.txt: Length of values (28) does not match length of index (21)
2025-06-24 20:27:25,502 - __main__ - WARNING - Erro ao ler arquivo PORT-TXT-15.txt: Length of values (32) does not match length of index (21)
2025-06-24 20:27:25,503 - __main__ - WARNING - Erro ao ler arquivo PORT-TXT-16.txt: Length of values (37) does not match length of index (21)
2025-06-24 20:27:25,503 - __main__ - WARNING - Erro ao ler arquivo PORT-TXT-17.txt: Length of values (37) does not match length of index (21)
2025-06-24 20:27:25,503 - __main__ - WARNING - Erro ao ler arquivo PORT-TXT-18.txt: Length of values (30) does not match length of index (21)
2025-06-24 20:27:25,503 - __main__ - WARNING - Erro ao ler arquivo PORT-TXT-19.txt: Length of values (27) does not match length of index (21)
2025-06-24 20:27:25,504 - __main__ - WARNING - Erro ao ler arquivo PORT-TXT-20.txt: Length of values (41) does not match length of index (21)
2025-06-24 20:27:25,504 - __main__ - WARNING - Erro ao ler arquivo PORT-TXT-21.txt: Length of values (32) does not match length of index (21)
2025-06-24 20:27:25,504 - __main__ - WARNING - Erro ao ler arquivo PORT-TXT-22.txt: Length of values (36) does not match length of index (21)
2025-06-24 20:27:25,504 - __main__ - WARNING - Erro ao ler arquivo PORT-TXT-23.txt: Length of values (59) does not match length of index (21)
2025-06-24 20:27:25,504 - __main__ - WARNING - Erro ao ler arquivo PORT-TXT-24.txt: Length of values (43) does not match length of index (21)
2025-06-24 20:27:25,504 - __main__ - WARNING - Erro ao ler arquivo PORT-TXT-25.txt: Length of values (42) does not match length of index (21)
2025-06-24 20:27:25,506 - __main__ - WARNING - Erro ao ler arquivo PORT-TXT-26.txt: Length of values (36) does not match length of index (21)
2025-06-24 20:27:25,506 - __main__ - WARNING - Erro ao ler arquivo PORT-TXT-27.txt: Length of values (38) does not match length of index (21)
2025-06-24 20:27:25,506 - __main__ - WARNING - Erro ao ler arquivo PORT-TXT-28.txt: Length of values (27) does not match length of index (21)
2025-06-24 20:27:25,507 - __main__ - WARNING - Erro ao ler arquivo PORT-TXT-29.txt: Length of values (34) does not match length of index (21)
2025-06-24 20:27:25,507 - __main__ - WARNING - Erro ao ler arquivo PORT-TXT-3.txt: Length of values (45) does not match length of index (21)
2025-06-24 20:27:25,507 - __main__ - WARNING - Erro ao ler arquivo PORT-TXT-30.txt: Length of values (40) does not match length of index (21)
2025-06-24 20:27:25,507 - __main__ - WARNING - Erro ao ler arquivo PORT-TXT-4.txt: Length of values (38) does not match length of index (21)
2025-06-24 20:27:25,508 - __main__ - WARNING - Erro ao ler arquivo PORT-TXT-5.txt: Length of values (23) does not match length of index (21)
2025-06-24 20:27:25,508 - __main__ - WARNING - Erro ao ler arquivo PORT-TXT-6.txt: Length of values (48) does not match length of index (21)
2025-06-24 20:27:25,508 - __main__ - WARNING - Erro ao ler arquivo PORT-TXT-7.txt: Length of values (27) does not match length of index (21)
2025-06-24 20:27:25,508 - __main__ - WARNING - Erro ao ler arquivo PORT-TXT-8.txt: Length of values (34) does not match length of index (21)
2025-06-24 20:27:25,508 - __main__ - WARNING - Erro ao ler arquivo PORT-TXT-9.txt: Length of values (88) does not match length of index (21)
2025-06-24 20:27:25,521 - __main__ - INFO - Matriz local gerada: (21, 21)
2025-06-24 20:27:25,521 - __main__ - INFO - Carregando matriz de referencia: test_data/referencia/matriz_referencia.txt
2025-06-24 20:27:25,521 - __main__ - INFO - Tentando carregar matriz de referência de: test_data/referencia/matriz_referencia.txt
2025-06-24 20:27:25,523 - __main__ - INFO - Matriz de referência carregada: (30, 30)
2025-06-24 20:27:25,523 - __main__ - WARNING - Usando rótulos numéricos: 30 rótulos gerados
2025-06-24 20:27:25,523 - __main__ - INFO - Matriz de referência carregada com sucesso. Dimensões: (30, 30), Rótulos: 30
2025-06-24 20:27:25,525 - __main__ - INFO - Comparando matrizes...
2025-06-24 20:27:25,526 - __main__ - INFO - 
                === Relatorio de Comparacao ===
                
                Configuracao:
                - Implementacao: zlib
                - Diretorio de dados: test_data/portugues
                - Matriz de referencia: test_data/referencia/matriz_referencia.txt
                
                Resultados:
                - Dimensoes iguais: False
                - Rotulos compativeis: False
                - Correlacao: None
                - Diferenca media: None
                - Diferenca maxima: None
                - Erro: Dimensoes diferentes: local=(21, 21), ref=(30, 30)
                
2025-06-24 20:27:25,526 - __main__ - INFO - Diretório temporário removido: C:\Users\55179\AppData\Local\Temp\damicore_test_errwe9qh
2025-06-24 20:29:01,403 - __main__ - INFO - Módulos locais importados com sucesso
2025-06-24 20:29:01,407 - __main__ - INFO - Diretório temporário: C:\Users\55179\AppData\Local\Temp\damicore_test_meds5nx3
2025-06-24 20:29:01,407 - __main__ - INFO - Iniciando geração da matriz NCD local...
2025-06-24 20:29:01,407 - __main__ - INFO - Usando implementação zlib...
2025-06-24 20:29:01,747 - __main__ - INFO - Matriz local gerada: (71, 71)
2025-06-24 20:29:01,747 - __main__ - INFO - Carregando matriz de referencia: test_data/referencia/matriz_referencia.txt
2025-06-24 20:29:01,748 - __main__ - INFO - Tentando carregar matriz de referência de: test_data/referencia/matriz_referencia.txt
2025-06-24 20:29:01,749 - __main__ - INFO - Matriz de referência carregada: (30, 30)
2025-06-24 20:29:01,749 - __main__ - WARNING - Usando rótulos numéricos: 30 rótulos gerados
2025-06-24 20:29:01,749 - __main__ - INFO - Matriz de referência carregada com sucesso. Dimensões: (30, 30), Rótulos: 30
2025-06-24 20:29:01,751 - __main__ - INFO - Comparando matrizes...
2025-06-24 20:29:01,752 - __main__ - INFO - 
                === Relatorio de Comparacao ===
                
                Configuracao:
                - Implementacao: zlib
                - Diretorio de dados: test_data/portugues
                - Matriz de referencia: test_data/referencia/matriz_referencia.txt
                
                Resultados:
                - Dimensoes iguais: False
                - Rotulos compativeis: False
                - Correlacao: None
                - Diferenca media: None
                - Diferenca maxima: None
                - Erro: Dimensoes diferentes: local=(71, 71), ref=(30, 30)
                
2025-06-24 20:29:01,752 - __main__ - INFO - Diretório temporário removido: C:\Users\55179\AppData\Local\Temp\damicore_test_meds5nx3
2025-06-24 20:30:52,083 - __main__ - INFO - Módulos locais importados com sucesso
2025-06-24 20:30:52,088 - __main__ - INFO - Diretório temporário: C:\Users\55179\AppData\Local\Temp\damicore_test_69bzqqeh
2025-06-24 20:30:52,088 - __main__ - INFO - Iniciando geração da matriz NCD local...
2025-06-24 20:30:52,089 - __main__ - INFO - Usando implementação zlib...
2025-06-24 20:30:52,090 - __main__ - INFO - Arquivos de referência carregados: 30 arquivos
2025-06-24 20:30:52,440 - __main__ - INFO - Matriz local gerada: (71, 71)
2025-06-24 20:30:52,441 - __main__ - INFO - Carregando matriz de referencia: test_data/referencia/matriz_referencia.txt
2025-06-24 20:30:52,441 - __main__ - INFO - Tentando carregar matriz de referência de: test_data/referencia/matriz_referencia.txt
2025-06-24 20:30:52,442 - __main__ - INFO - Matriz de referência carregada: (30, 30)
2025-06-24 20:30:52,442 - __main__ - WARNING - Usando rótulos numéricos: 30 rótulos gerados
2025-06-24 20:30:52,442 - __main__ - INFO - Matriz de referência carregada com sucesso. Dimensões: (30, 30), Rótulos: 30
2025-06-24 20:30:52,444 - __main__ - INFO - Comparando matrizes...
2025-06-24 20:30:52,444 - __main__ - INFO - 
                === Relatorio de Comparacao ===
                
                Configuracao:
                - Implementacao: zlib
                - Diretorio de dados: test_data/portugues
                - Matriz de referencia: test_data/referencia/matriz_referencia.txt
                
                Resultados:
                - Dimensoes iguais: False
                - Rotulos compativeis: False
                - Correlacao: None
                - Diferenca media: None
                - Diferenca maxima: None
                - Erro: Dimensoes diferentes: local=(71, 71), ref=(30, 30)
                
2025-06-24 20:30:52,445 - __main__ - INFO - Diretório temporário removido: C:\Users\55179\AppData\Local\Temp\damicore_test_69bzqqeh
2025-06-24 20:38:31,243 - __main__ - INFO - Módulos locais importados com sucesso
2025-06-24 20:38:31,248 - __main__ - INFO - Diretório temporário: C:\Users\55179\AppData\Local\Temp\damicore_test_39y20dlb
2025-06-24 20:38:31,248 - __main__ - INFO - Iniciando geração da matriz NCD local...
2025-06-24 20:38:31,248 - __main__ - INFO - Usando implementação zlib...
2025-06-24 20:38:31,254 - __main__ - INFO - Rótulos de referência carregados: 30 itens
2025-06-24 20:38:31,256 - __main__ - INFO - Encontrados 30 arquivos correspondentes aos rótulos de referência
2025-06-24 20:38:31,269 - __main__ - INFO - Gerando matriz NCD com zlib...
2025-06-24 20:38:31,269 - ncd_matrix - INFO - Processando 30 colunas na ordem dos rótulos de referência
2025-06-24 20:38:31,270 - ncd_matrix - INFO - Processada coluna: PORT-TXT-1 com 21 linhas
2025-06-24 20:38:31,271 - ncd_matrix - INFO - Processada coluna: PORT-TXT-10 com 71 linhas
2025-06-24 20:38:31,271 - ncd_matrix - INFO - Processada coluna: PORT-TXT-11 com 25 linhas
2025-06-24 20:38:31,271 - ncd_matrix - INFO - Processada coluna: PORT-TXT-12 com 71 linhas
2025-06-24 20:38:31,273 - ncd_matrix - INFO - Processada coluna: PORT-TXT-13 com 21 linhas
2025-06-24 20:38:31,273 - ncd_matrix - INFO - Processada coluna: PORT-TXT-14 com 28 linhas
2025-06-24 20:38:31,274 - ncd_matrix - INFO - Processada coluna: PORT-TXT-15 com 32 linhas
2025-06-24 20:38:31,274 - ncd_matrix - INFO - Processada coluna: PORT-TXT-16 com 37 linhas
2025-06-24 20:38:31,274 - ncd_matrix - INFO - Processada coluna: PORT-TXT-17 com 37 linhas
2025-06-24 20:38:31,274 - ncd_matrix - INFO - Processada coluna: PORT-TXT-18 com 30 linhas
2025-06-24 20:38:31,275 - ncd_matrix - INFO - Processada coluna: PORT-TXT-19 com 27 linhas
2025-06-24 20:38:31,275 - ncd_matrix - INFO - Processada coluna: PORT-TXT-2 com 21 linhas
2025-06-24 20:38:31,276 - ncd_matrix - INFO - Processada coluna: PORT-TXT-20 com 41 linhas
2025-06-24 20:38:31,276 - ncd_matrix - INFO - Processada coluna: PORT-TXT-21 com 32 linhas
2025-06-24 20:38:31,277 - ncd_matrix - INFO - Processada coluna: PORT-TXT-22 com 36 linhas
2025-06-24 20:38:31,277 - ncd_matrix - INFO - Processada coluna: PORT-TXT-23 com 59 linhas
2025-06-24 20:38:31,277 - ncd_matrix - INFO - Processada coluna: PORT-TXT-24 com 43 linhas
2025-06-24 20:38:31,278 - ncd_matrix - INFO - Processada coluna: PORT-TXT-25 com 42 linhas
2025-06-24 20:38:31,278 - ncd_matrix - INFO - Processada coluna: PORT-TXT-26 com 36 linhas
2025-06-24 20:38:31,278 - ncd_matrix - INFO - Processada coluna: PORT-TXT-27 com 38 linhas
2025-06-24 20:38:31,279 - ncd_matrix - INFO - Processada coluna: PORT-TXT-28 com 27 linhas
2025-06-24 20:38:31,279 - ncd_matrix - INFO - Processada coluna: PORT-TXT-29 com 34 linhas
2025-06-24 20:38:31,279 - ncd_matrix - INFO - Processada coluna: PORT-TXT-3 com 45 linhas
2025-06-24 20:38:31,280 - ncd_matrix - INFO - Processada coluna: PORT-TXT-30 com 40 linhas
2025-06-24 20:38:31,280 - ncd_matrix - INFO - Processada coluna: PORT-TXT-4 com 38 linhas
2025-06-24 20:38:31,281 - ncd_matrix - INFO - Processada coluna: PORT-TXT-5 com 23 linhas
2025-06-24 20:38:31,281 - ncd_matrix - INFO - Processada coluna: PORT-TXT-6 com 48 linhas
2025-06-24 20:38:31,281 - ncd_matrix - INFO - Processada coluna: PORT-TXT-7 com 27 linhas
2025-06-24 20:38:31,281 - ncd_matrix - INFO - Processada coluna: PORT-TXT-8 com 34 linhas
2025-06-24 20:38:31,282 - ncd_matrix - INFO - Processada coluna: PORT-TXT-9 com 88 linhas
2025-06-24 20:38:31,499 - __main__ - INFO - Matriz NCD gerada com sucesso. Dimensões: (30, 30)
2025-06-24 20:38:31,503 - __main__ - INFO - Matriz local gerada: (30, 30)
2025-06-24 20:38:31,503 - __main__ - INFO - Carregando matriz de referencia: test_data/referencia/matriz_referencia.txt
2025-06-24 20:38:31,503 - __main__ - INFO - Tentando carregar matriz de referência de: test_data/referencia/matriz_referencia.txt
2025-06-24 20:38:31,504 - __main__ - INFO - Matriz de referência carregada: (30, 30)
2025-06-24 20:38:31,504 - __main__ - WARNING - Usando rótulos numéricos: 30 rótulos gerados
2025-06-24 20:38:31,505 - __main__ - INFO - Matriz de referência carregada com sucesso. Dimensões: (30, 30), Rótulos: 30
2025-06-24 20:38:31,509 - __main__ - INFO - Comparando matrizes...
2025-06-24 20:38:31,509 - __main__ - WARNING - Rótulos não são idênticos, comparando apenas a estrutura da matriz
2025-06-24 20:38:31,511 - __main__ - INFO - 
                === Relatorio de Comparacao ===
                
                Configuracao:
                - Implementacao: zlib
                - Diretorio de dados: test_data/portugues
                - Matriz de referencia: test_data/referencia/matriz_referencia.txt
                
                Resultados:
                - Dimensoes iguais: True
                - Rotulos compativeis: False
                - Correlacao: 0.9999770517234466
                - Diferenca media: 0.0012019612949982629
                - Diferenca maxima: 0.004684201803813459
                - Erro: None
                
2025-06-24 20:38:31,512 - __main__ - INFO - Diretório temporário removido: C:\Users\55179\AppData\Local\Temp\damicore_test_39y20dlb
